1
2
17
18
19
20
21
22
23
24
25
1234
176
1
0
16
17
13579
