CVE-2017-5376
CVE-1111-1111
OVE-11111111-1111
BDU:1111-11111
MFSA-1111-11
CVE-2017-5380
OVE-99999999-9999
CVE-2017-9999
CVE-2222-2222
CVE-2222-2222
CVE-3333-3333
CVE-3333-3333
MFSA-5555-55
BDU:5555-55555
CVE-4444-4444
